// Jest Snapshot v1, https://goo.gl/fbAQLP

exports[`LoginScreen Should render a snapshot for Login screen 1`] = `
Object {
  "asFragment": [Function],
  "baseElement": <body>
    <div>
      <div
        class="container"
      >
        <div
          class="login-box"
        >
          <h1>
            Employee Polls
          </h1>
          <img
            alt="Employee Polls Logo"
            src="employee_polls_logo.svg"
          />
          <h2>
            Login
          </h2>
          <form>
            <div>
              <input
                class=""
                data-testid="username-field"
                placeholder="Username"
                type="text"
                value="sarahedo"
              />
            </div>
            <div>
              <input
                class=""
                data-testid="password-field"
                placeholder="Password"
                type="password"
                value="password123"
              />
            </div>
            <button
              data-testid="submit-button"
              type="submit"
            >
              Login
            </button>
          </form>
        </div>
      </div>
    </div>
  </body>,
  "container": <div>
    <div
      class="container"
    >
      <div
        class="login-box"
      >
        <h1>
          Employee Polls
        </h1>
        <img
          alt="Employee Polls Logo"
          src="employee_polls_logo.svg"
        />
        <h2>
          Login
        </h2>
        <form>
          <div>
            <input
              class=""
              data-testid="username-field"
              placeholder="Username"
              type="text"
              value="sarahedo"
            />
          </div>
          <div>
            <input
              class=""
              data-testid="password-field"
              placeholder="Password"
              type="password"
              value="password123"
            />
          </div>
          <button
            data-testid="submit-button"
            type="submit"
          >
            Login
          </button>
        </form>
      </div>
    </div>
  </div>,
  "debug": [Function],
  "findAllByAltText": [Function],
  "findAllByDisplayValue": [Function],
  "findAllByLabelText": [Function],
  "findAllByPlaceholderText": [Function],
  "findAllByRole": [Function],
  "findAllByTestId": [Function],
  "findAllByText": [Function],
  "findAllByTitle": [Function],
  "findByAltText": [Function],
  "findByDisplayValue": [Function],
  "findByLabelText": [Function],
  "findByPlaceholderText": [Function],
  "findByRole": [Function],
  "findByTestId": [Function],
  "findByText": [Function],
  "findByTitle": [Function],
  "getAllByAltText": [Function],
  "getAllByDisplayValue": [Function],
  "getAllByLabelText": [Function],
  "getAllByPlaceholderText": [Function],
  "getAllByRole": [Function],
  "getAllByTestId": [Function],
  "getAllByText": [Function],
  "getAllByTitle": [Function],
  "getByAltText": [Function],
  "getByDisplayValue": [Function],
  "getByLabelText": [Function],
  "getByPlaceholderText": [Function],
  "getByRole": [Function],
  "getByTestId": [Function],
  "getByText": [Function],
  "getByTitle": [Function],
  "queryAllByAltText": [Function],
  "queryAllByDisplayValue": [Function],
  "queryAllByLabelText": [Function],
  "queryAllByPlaceholderText": [Function],
  "queryAllByRole": [Function],
  "queryAllByTestId": [Function],
  "queryAllByText": [Function],
  "queryAllByTitle": [Function],
  "queryByAltText": [Function],
  "queryByDisplayValue": [Function],
  "queryByLabelText": [Function],
  "queryByPlaceholderText": [Function],
  "queryByRole": [Function],
  "queryByTestId": [Function],
  "queryByText": [Function],
  "queryByTitle": [Function],
  "rerender": [Function],
  "unmount": [Function],
}
`;
